{
    "Airbnb_Open_Data_SPLITTER_Persons": "not_similar",
    "Book1.xlsx-us-social-security-22-cvs_SPLITTER_test": "not_similar",
    "Book1.xlsx-us-social-security-22-cvs_SPLITTER_train": "not_similar",
    "iban_SPLITTER_random_ibans": "similar",
    "list_of_real_usa_addresses_SPLITTER_sample-data": "not_similar",
    "test_SPLITTER_train": "similar",
    "vehicles_1_SPLITTER_vehicles_2": "similar",
    "vehicles_1_SPLITTER_vehicles_3": "similar",
    "vehicles_1_SPLITTER_vehicles_4": "similar",
    "vehicles_1_SPLITTER_vehicles_5": "similar",
    "vehicles_2_SPLITTER_vehicles_3": "similar",
    "vehicles_2_SPLITTER_vehicles_4": "similar",
    "vehicles_2_SPLITTER_vehicles_5": "similar",
    "vehicles_3_SPLITTER_vehicles_4": "similar",
    "vehicles_3_SPLITTER_vehicles_5": "similar",
    "vehicles_4_SPLITTER_vehicles_5": "similar",
    "1-MB-Test_SPLITTER_1-MB-Test_LOGICAL_COPY": "similar",
    "2018-seattle-business-districts_SPLITTER_2018-seattle-business-districts_LOGICAL_COPY": "similar",
    "Age2_address1_credit_card3_SPLITTER_Age2_address1_credit_card3_LOGICAL_COPY": "similar",
    "Airbnb_Open_Data_SPLITTER_Airbnb_Open_Data_LOGICAL_COPY": "similar",
    "Aliases_SPLITTER_Aliases_LOGICAL_COPY": "similar",
    "application_record_SPLITTER_application_record_LOGICAL_COPY": "similar",
    "Bachelor_Degree_Majors_SPLITTER_Bachelor_Degree_Majors_LOGICAL_COPY": "similar",
    "Book1.xlsx-credit-card-number_SPLITTER_Book1.xlsx-credit-card-number_LOGICAL_COPY": "similar",
    "Book1.xlsx-us-social-security-22-cvs_SPLITTER_Book1.xlsx-us-social-security-22-cvs_LOGICAL_COPY": "similar",
    "CardBase_SPLITTER_CardBase_LOGICAL_COPY": "similar",
    "catalog_SPLITTER_catalog_LOGICAL_COPY": "similar",
    "CrabAgePrediction_SPLITTER_CrabAgePrediction_LOGICAL_COPY": "similar",
    "Credit_Card2_SPLITTER_Credit_Card2_LOGICAL_COPY": "similar",
    "Customer_Segmentation_SPLITTER_Customer_Segmentation_LOGICAL_COPY": "similar",
    "drug-use-by-age_SPLITTER_drug-use-by-age_LOGICAL_COPY": "similar",
    "Emails_SPLITTER_Emails_LOGICAL_COPY": "similar",
    "iban_SPLITTER_iban_LOGICAL_COPY": "similar",
    "ipv6_random_generated_SPLITTER_ipv6_random_generated_LOGICAL_COPY": "similar",
    "list_of_real_usa_addresses_SPLITTER_list_of_real_usa_addresses_LOGICAL_COPY": "similar",
    "Persons_SPLITTER_Persons_LOGICAL_COPY": "similar",
    "random_ibans_SPLITTER_random_ibans_LOGICAL_COPY": "not_similar",
    "Salary_Data_SPLITTER_Salary_Data_LOGICAL_COPY": "similar",
    "sample-data_SPLITTER_sample-data_LOGICAL_COPY": "similar",
    "test_SPLITTER_test_LOGICAL_COPY": "similar",
    "train_SPLITTER_train_LOGICAL_COPY": "similar",
    "US_Driving_License_SPLITTER_US_Driving_License_LOGICAL_COPY": "similar",
    "vehicles_1_SPLITTER_vehicles_1_LOGICAL_COPY": "similar",
    "vehicles_2_SPLITTER_vehicles_2_LOGICAL_COPY": "similar",
    "vehicles_3_SPLITTER_vehicles_3_LOGICAL_COPY": "similar",
    "vehicles_4_SPLITTER_vehicles_4_LOGICAL_COPY": "similar",
    "vehicles_5_SPLITTER_vehicles_5_LOGICAL_COPY": "similar"
}