{
    "data1": {
        "SEX": "Gender",
        "AGE": "Age"
    },
    "data2": {
        "Person": "Full_Name",
        "Current Age": "Age",
        "Retirement Age": "Age",
        "Gender": "Gender",
        "Address": "Street_Address"
    },
    "data3": {
        "address": "Street_Address"
    },
    "data4": {
        "Card_Number": "Credit_Debit_Card_Number"
    },
    "data5": {
        "Card Number": "Credit_Debit_Card_Number"
    },
    "data6": {},
    "data7": {},
    "data8": {},
    "data9": {
        "TEL": "Phone_Number",
        "FAX": "Phone_Number",
        "E_MAIL": "Email_Address",
        "ADD1": "Street_Address",
        "ADD2": "Street_Address",
        "CEO_MD": "Full_Name",
        "G_MANAGER": "Full_Name"
    },
    "data10": {
        "ADD1": "Street_Address",
        "ADD2": "Street_Address",
        "TEL": "Phone_Number",
        "FAX": "Phone_Number",
        "E_MAIL": "Email_Address",
        "CEO_MD": "Full_Name",
        "G_MANAGER": "Full_Name"
    },
    "data11": {
        "ADD1": "Street_Address",
        "ADD2": "Street_Address",
        "Telephone": "Phone_Number",
        "Fax": "Phone_Number",
        "E-Mail Address": "Email_Address",
        "CEO & Managing Director": "Full_Name",
        "General Manager": "Full_Name"
    },
    "data12": {
        "Address": "Full_Address",
        "E-mail": "Email_Address"
    },
    "data13": {
        "gender": "Gender",
        "email": "Email_Address",
        "phone": "Phone_Number",
        "street_address": "Street_Address"
    },
    "data14": {
        "CODE_GENDER": "Gender"
    },
    "data15": {},
    "data16": {
        "credit card": "Credit_Debit_Card_Number"
    },
    "data17": {},
    "data18": {
        "name": "no_infotype",
        "gender": "Gender"
    },
    "data19": {
        "name": "no_infotype",
        "gender": "Gender"
    },
    "data20": {
        "sex": "Gender"
    },
    "data21": {
        "MetadataFrom": "no_infotype",
        "RawText": "Full_Name"
    },
    "data22": {
        "Name": "no_infotype"
    },
    "data23": {
        "sex": "Gender"
    },
    "data24": {
        "athlete_name": "no_infotype",
        "athlete_sex": "Gender"
    },
    "data25": {
        "Name": "no_infotype"
    },
    "data26": {
        "name": "no_infotype",
        "gender": "Gender"
    }
}