{
    "UCI_Credit_Card": {
        "SEX": 0.9,
        "AGE": 0.9
    },
    "Age2_address1_credit_card3": {
        "Person": 0.8,
        "Current Age": 0.9,
        "Retirement Age": 0.7,
        "gender": 1.0,
        "Address": 0.7
    },
    "list_of_real_usa_addresses": {
        "address": 0.6
    },
    "CardBase": {
        "Card_Number": 0.6
    },
    "Credit_Card2": {
        "Card Number": 0.8
    },
    "catalog": {},
    "iban": {
        "IBAN_Number": 1.0
    },
    "USA_cars_datasets": {
        "vin": 1.0
    },
    "email_1": {
        "TEL": 0.7,
        "FAX": 0.9,
        "E_MAIL": 1.0,
        "ADD1": 0.7,
        "ADD2": 0.7,
        "CEO_MD": 0.6,
        "G_MANAGER": 0.6
    },
    "email_1": {
        "ADD1": 0.8,
        "ADD2": 0.7,
        "TEL": 0.8,
        "FAX": 0.9,
        "E_MAIL": 0.9,
        "CEO_MD": 0.6,
        "G_MANAGER": 0.6
    },
    "email_3": {
        "ADD1": 0.9,
        "ADD2": 0.7,
        "Telephone": 0.8,
        "Fax": 0.9,
        "E-Mail Address": 1.0,
        "CEO & Managing Director": 0.6,
        "General Manager": 0.6
    },
    "2018-seattle-business-districts": {
        "Address": 0.6,
        "E-mail": 1.0
    },
    "Customer_Segmentation": {
        "gender": 0.9,
        "email": 1.0,
        "phone": 1.0,
        "street_address": 0.7,
        "ip_address": 1.0
    },
    "application_record": {
        "CODE_GENDER": 1.0
    },
    "Airbnb_Open_Data": {
        "NAME": 0.8
    },
    "Book1.xlsx-credit-card-number": {
        "credit card": 0.6
    },
    "Aliases": {},
    "athletes": {
        "name": 0.8,
        "gender": 1.0
    },
    "coaches": {
        "name": 0.8,
        "gender": 1.0
    },
    "curling_results": {
        "sex": 0.9
    },
    "Emails": {},
    "hockey_players_stats": {
        "Name": 0.8
    },
    "hockey_results": {
        "sex": 1.0
    },
    "medals": {
        "athlete_sex": 0.8
    },
    "Persons": {
        "Name": 0.8
    },
    "technical_officials": {
        "name": 0.8,
        "gender": 1.0
    },
    "Bachelor_Degree_Majors": {
        "Sex": 0.8,
        "Age Group": 0.6
    },
    "CrabAgePrediction": {
        "Sex": 0.7,
        "Age": 0.7
    },
    "Salary_Data": {
        "Age": 0.9
    },
    "drug-use-by-age": {
        "age": 0.6
    },
    "Book1.xlsx-us-social-security-22-cvs": {
        "SSN": 0.8
    },
    "sample-data": {
        "SSN": 1.0,
        "gender": 1.0,
        "address": 0.6,
        "phone": 1.0,
        "email": 1.0,
        "CCN": 0.9,
        "Full_Name": 0.9
    },
    "1-MB-Test": {
        "SSN": 1.0,
        "Credit Card Number": 1.0
    },
    "random_ibans": {
        "Random_IBAN": 0.9
    },
    "used_cars_data": {
        "VIN": 0.9
    },
    "train": {
        "Name": 0.8,
        "Age": 0.6,
        "SSN": 0.9,
        "Credit_History_Age": 0.6
    },
    "test": {
        "Name": 0.8,
        "Age": 0.6,
        "SSN": 0.8,
        "Credit_History_Age": 0.6
    },
    "vehicles_1": {
        "VIN": 1.0
    },
    "vehicles_2": {
        "VIN": 0.9
    },
    "vehicles_3": {
        "VIN": 0.9
    },
    "Dataset-Unicauca-Version2-87Atts_1": {
        "Source.IP": 1.0,
        "Destination.IP": 1.0
    },
    "Dataset-Unicauca-Version2-87Atts_2": {
        "Source.IP": 1.0,
        "Destination.IP": 1.0
    },
    "Dataset-Unicauca-Version2-87Atts_3": {
        "Source.IP": 1.0,
        "Destination.IP": 1.0
    },
    "Dataset-Unicauca-Version2-87Atts_4": {
        "Source.IP": 1.0,
        "Destination.IP": 1.0
    },
    "Dataset-Unicauca-Version2-87Atts_5": {
        "Source.IP": 1.0,
        "Destination.IP": 1.0
    },
    "visitor-interests": {
        "IP": 1.0
    },
    "Darknet_": {
        "Src IP": 1.0,
        "Dst IP": 1.0
    },
    "vehicles_4": {
        "VIN": 0.9
    },
    "vehicles_5": {
        "VIN": 1.0
    },
    "Device Report - BU175-VPC2021-03-21_11-00-03": {
        "IPv4": 1.0,
        "IPv6": 1.0
    },
    "2021-04-23_honeypot-cloud-digitalocean-geo-1_netflow-extended": {
        "SrcAddr": 1.0,
        "DstAddr": 1.0
    },
    "ipv6_random_generated": {
        "ipv6": 1.0,
        "srcaddr": 1.0
    },
    "score-banks-updated-sep2022": {
        "BRANCH BIC (BIC8)": 1.0,
        "PARENT BIC": 1.0
    },
    "blz-aktuell-xlsx-data": {
        "BIC": 1.0
    },
    "automotive_service_data": {
        "VIN": 1.0
    },
    "US_Driving_License": {
        "License Number Alabama": 0.8,
        "Driver License Georgia": 1.0,
        "DL No Michigan": 1.0,
        "Driving lic Washington": 0.9,
        "DL num Illinois": 0.9,
        "DL_lic_Florida": 0.9,
        "Driver_lic_Montana": 0.8,
        "lic_num_New Hampshire": 0.7,
        "dl_number_Ohio": 0.8
    }
}