{
    "Book1.xlsx-us-social-security-22-cvs_SPLITTER_test": "not_similar",
    "Book1.xlsx-us-social-security-22-cvs_SPLITTER_train": "not_similar",
    "iban_SPLITTER_random_ibans": "similar",
    "vehicles_1_SPLITTER_vehicles_2": "similar",
    "vehicles_1_SPLITTER_vehicles_3": "similar",
    "vehicles_1_SPLITTER_vehicles_4": "similar",
    "vehicles_1_SPLITTER_vehicles_5": "similar",
    "vehicles_2_SPLITTER_vehicles_3": "similar",
    "vehicles_2_SPLITTER_vehicles_4": "similar",
    "vehicles_2_SPLITTER_vehicles_5": "similar",
    "vehicles_3_SPLITTER_vehicles_4": "similar",
    "vehicles_3_SPLITTER_vehicles_5": "similar",
    "vehicles_4_SPLITTER_vehicles_5": "similar",
    "1-MB-Test_SPLITTER_1-MB-Test_COPY": "similar",
    "2018-seattle-business-districts_SPLITTER_2018-seattle-business-districts_COPY": "similar",
    "Age2_address1_credit_card3_SPLITTER_Age2_address1_credit_card3_COPY": "similar",
    "Airbnb_Open_Data_SPLITTER_Airbnb_Open_Data_COPY": "similar",
    "Aliases_SPLITTER_Aliases_COPY": "similar",
    "application_record_SPLITTER_application_record_COPY": "similar",
    "Bachelor_Degree_Majors_SPLITTER_Bachelor_Degree_Majors_COPY": "similar",
    "Book1.xlsx-credit-card-number_SPLITTER_Book1.xlsx-credit-card-number_COPY": "not_similar",
    "Book1.xlsx-us-social-security-22-cvs_SPLITTER_Book1.xlsx-us-social-security-22-cvs_COPY": "similar",
    "CardBase_SPLITTER_CardBase_COPY": "similar",
    "catalog_SPLITTER_catalog_COPY": "similar",
    "CrabAgePrediction_SPLITTER_CrabAgePrediction_COPY": "similar",
    "Credit_Card2_SPLITTER_Credit_Card2_COPY": "similar",
    "Customer_Segmentation_SPLITTER_Customer_Segmentation_COPY": "similar",
    "drug-use-by-age_SPLITTER_drug-use-by-age_COPY": "similar",
    "Emails_SPLITTER_Emails_COPY": "similar",
    "iban_SPLITTER_iban_COPY": "similar",
    "ipv6_random_generated_SPLITTER_ipv6_random_generated_COPY": "similar",
    "list_of_real_usa_addresses_SPLITTER_list_of_real_usa_addresses_COPY": "similar",
    "Persons_SPLITTER_Persons_COPY": "similar",
    "random_ibans_SPLITTER_random_ibans_COPY": "similar",
    "Salary_Data_SPLITTER_Salary_Data_COPY": "similar",
    "sample-data_SPLITTER_sample-data_COPY": "similar",
    "test_SPLITTER_test_COPY": "similar",
    "train_SPLITTER_train_COPY": "similar",
    "UCI_Credit_Card_SPLITTER_UCI_Credit_Card_COPY": "similar",
    "US_Driving_License_SPLITTER_US_Driving_License_COPY": "similar",
    "vehicles_1_SPLITTER_vehicles_1_COPY": "similar",
    "vehicles_2_SPLITTER_vehicles_2_COPY": "similar",
    "vehicles_3_SPLITTER_vehicles_3_COPY": "similar",
    "vehicles_4_SPLITTER_vehicles_4_COPY": "similar",
    "vehicles_5_SPLITTER_vehicles_5_COPY": "similar"
}